// Jest Snapshot v1, https://goo.gl/fbAQLP

exports[`validation operators ordinals comparator should throw an error if operator arguments can't be converted to BigNumbers 1`] = `"a booboo could not be parsed!"`;
